\BOOKMARK [0][-]{chapter*.2}{\376\377\000A\000b\000s\000t\000r\000a\000c\000t}{}% 1
\BOOKMARK [0][-]{chapter.1}{\376\377\000I\000n\000t\000r\000o\000d\000u\000c\000t\000i\000o\000n}{}% 2
\BOOKMARK [0][-]{chapter.2}{\376\377\000M\000i\000s\000s\000i\000o\000n\000\040\000S\000c\000e\000n\000a\000r\000i\000o\000\040\000D\000e\000f\000i\000n\000i\000t\000i\000o\000n\000s}{}% 3
\BOOKMARK [1][-]{section.2.1}{\376\377\000M\000i\000s\000s\000i\000o\000n\000\040\000O\000r\000b\000i\000t\000\040\000O\000v\000e\000r\000v\000i\000e\000w}{chapter.2}% 4
\BOOKMARK [1][-]{section.2.2}{\376\377\000M\000i\000s\000s\000i\000o\000n\000\040\000P\000o\000i\000n\000t\000i\000n\000g\000\040\000S\000c\000e\000n\000a\000r\000i\000o\000s}{chapter.2}% 5
\BOOKMARK [1][-]{section.2.3}{\376\377\000S\000p\000a\000c\000e\000c\000r\000a\000f\000t\000\040\000A\000t\000t\000i\000t\000u\000d\000e\000\040\000S\000t\000a\000t\000e\000s}{chapter.2}% 6
\BOOKMARK [1][-]{section.2.4}{\376\377\000A\000t\000t\000i\000t\000u\000d\000e\000\040\000C\000o\000n\000t\000r\000o\000l\000\040\000L\000a\000w\000\040\000O\000v\000e\000r\000v\000i\000e\000w}{chapter.2}% 7
\BOOKMARK [1][-]{section.2.5}{\376\377\000I\000m\000p\000l\000e\000m\000e\000n\000t\000a\000t\000i\000o\000n\000\040\000M\000e\000t\000h\000o\000d\000s}{chapter.2}% 8
\BOOKMARK [0][-]{chapter.3}{\376\377\000T\000a\000s\000k\000\040\000D\000e\000s\000c\000r\000i\000p\000t\000i\000o\000n\000s\000\040\000a\000n\000d\000\040\000S\000o\000l\000u\000t\000i\000o\000n\000s}{}% 9
\BOOKMARK [1][-]{section.3.1}{\376\377\000O\000r\000b\000i\000t\000s}{chapter.3}% 10
\BOOKMARK [2][-]{subsection.3.1.1}{\376\377\000T\000a\000s\000k\000\040\0001\000:\000\040\000O\000r\000b\000i\000t\000\040\000S\000i\000m\000u\000l\000a\000t\000i\000o\000n}{section.3.1}% 11
\BOOKMARK [2][-]{subsection.3.1.2}{\376\377\000T\000a\000s\000k\000\040\0002\000:\000\040\000O\000r\000b\000i\000t\000\040\000F\000r\000a\000m\000e\000\040\000O\000r\000i\000e\000n\000t\000a\000t\000i\000o\000n}{section.3.1}% 12
\BOOKMARK [1][-]{section.3.2}{\376\377\000R\000e\000f\000e\000r\000e\000n\000c\000e\000\040\000F\000r\000a\000m\000e\000\040\000O\000r\000i\000e\000n\000t\000a\000t\000i\000o\000n}{chapter.3}% 13
\BOOKMARK [2][-]{subsection.3.2.1}{\376\377\000T\000a\000s\000k\000\040\0003\000:\000\040\000S\000u\000n\000-\000P\000o\000i\000n\000t\000i\000n\000g\000\040\000R\000e\000f\000e\000r\000e\000n\000c\000e\000\040\000F\000r\000a\000m\000e\000\040\000O\000r\000i\000e\000n\000t\000a\000t\000i\000o\000n}{section.3.2}% 14
\BOOKMARK [2][-]{subsection.3.2.2}{\376\377\000T\000a\000s\000k\000\040\0004\000:\000\040\000N\000a\000d\000i\000r\000-\000P\000o\000i\000n\000t\000i\000n\000g\000\040\000R\000e\000f\000e\000r\000e\000n\000c\000e\000\040\000F\000r\000a\000m\000e\000\040\000O\000r\000i\000e\000n\000t\000a\000t\000i\000o\000n}{section.3.2}% 15
\BOOKMARK [2][-]{subsection.3.2.3}{\376\377\000T\000a\000s\000k\000\040\0005\000:\000\040\000G\000M\000O\000-\000P\000o\000i\000n\000t\000i\000n\000g\000\040\000R\000e\000f\000e\000r\000e\000n\000c\000e\000\040\000F\000r\000a\000m\000e\000\040\000O\000r\000i\000e\000n\000t\000a\000t\000i\000o\000n}{section.3.2}% 16
\BOOKMARK [1][-]{section.3.3}{\376\377\000A\000t\000t\000i\000t\000u\000d\000e\000\040\000E\000v\000a\000l\000u\000a\000t\000i\000o\000n\000\040\000a\000n\000d\000\040\000S\000i\000m\000u\000l\000a\000t\000o\000r}{chapter.3}% 17
\BOOKMARK [2][-]{subsection.3.3.1}{\376\377\000T\000a\000s\000k\000\040\0006\000:\000\040\000A\000t\000t\000i\000t\000u\000d\000e\000\040\000E\000r\000r\000o\000r\000\040\000E\000v\000a\000l\000u\000a\000t\000i\000o\000n}{section.3.3}% 18
\BOOKMARK [2][-]{subsection.3.3.2}{\376\377\000T\000a\000s\000k\000\040\0007\000:\000\040\000N\000u\000m\000e\000r\000i\000c\000a\000l\000\040\000A\000t\000t\000i\000t\000u\000d\000e\000\040\000S\000i\000m\000u\000l\000a\000t\000o\000r}{section.3.3}% 19
\BOOKMARK [1][-]{section.3.4}{\376\377\000C\000o\000m\000p\000l\000e\000t\000i\000n\000g\000\040\000t\000h\000e\000\040\000M\000i\000s\000s\000i\000o\000n}{chapter.3}% 20
\BOOKMARK [2][-]{subsection.3.4.1}{\376\377\000T\000a\000s\000k\000\040\0008\000:\000\040\000S\000u\000n\000\040\000P\000o\000i\000n\000t\000i\000n\000g\000\040\000C\000o\000n\000t\000r\000o\000l}{section.3.4}% 21
\BOOKMARK [2][-]{subsection.3.4.2}{\376\377\000T\000a\000s\000k\000\040\0009\000:\000\040\000N\000a\000d\000i\000r\000\040\000P\000o\000i\000n\000t\000i\000n\000g\000\040\000C\000o\000n\000t\000r\000o\000l}{section.3.4}% 22
\BOOKMARK [2][-]{subsection.3.4.3}{\376\377\000T\000a\000s\000k\000\040\0001\0000\000:\000\040\000G\000M\000O\000\040\000P\000o\000i\000n\000t\000i\000n\000g\000\040\000C\000o\000n\000t\000r\000o\000l}{section.3.4}% 23
\BOOKMARK [2][-]{subsection.3.4.4}{\376\377\000T\000a\000s\000k\000\040\0001\0001\000:\000\040\000M\000i\000s\000s\000i\000o\000n\000\040\000S\000c\000e\000n\000a\000r\000i\000o\000\040\000S\000i\000m\000u\000l\000a\000t\000i\000o\000n}{section.3.4}% 24
\BOOKMARK [1][-]{section.3.5}{\376\377\000S\000i\000m\000u\000l\000a\000t\000i\000o\000n\000\040\000R\000e\000s\000u\000l\000t\000s\000\040\000a\000n\000d\000\040\000D\000i\000s\000c\000u\000s\000s\000i\000o\000n}{chapter.3}% 25
\BOOKMARK [0][-]{chapter.4}{\376\377\000S\000T\000K\000\040\000V\000i\000s\000u\000a\000l\000i\000z\000a\000t\000i\000o\000n}{}% 26
\BOOKMARK [0][-]{chapter*.15}{\376\377\000C\000o\000n\000c\000l\000u\000s\000i\000o\000n}{}% 27
